C251 COMPILER V5.60.0,  steer                                                              01/05/23  19:19:55  PAGE 1   


C251 COMPILER V5.60.0, COMPILATION OF MODULE steer
OBJECT MODULE PLACED IN .\Out_File\steer.obj
COMPILER INVOKED BY: D:\Keil_v5\C251\BIN\C251.EXE ..\CODE\steer.c XSMALL INTR2 WARNINGLEVEL(3) BROWSE INCDIR(..\..\Libra
                    -ries\libraries;..\..\Libraries\seekfree_libraries;..\..\Libraries\seekfree_peripheral;..\CODE;..\USER\inc;..\USER\src) D
                    -EBUG PRINT(.\Out_File\steer.lst) TABS(2) OBJECT(.\Out_File\steer.obj) 

stmt  level    source

    1          #include "steer.h"
    2          
    3          /**************************************************************************
    4          函数功能：舵机pwm初始化
    5          频    率：50Hz
    6          初始中值：MIDDLE_ANGLE
    7          **************************************************************************/
    8          void Steer_Init(void)
    9          {
   10   1        pwm_init(STEER_PIN, 50, MIDDLE_ANGLE);
   11   1      }
   12          
   13          /**************************************************************************
   14          函数功能：舵机旋转
   15          输入参数：舵机相对中值旋转的角度（顺时针为正）
   16          单    位：°
   17          **************************************************************************/
   18          void Steer_Spin(float target_angle)
   19          {
   20   1        uint32 duty;
   21   1        
   22   1        /****限幅****/
   23   1        if(target_angle > 100) target_angle =  100;
   24   1        if(target_angle <-100) target_angle = -100;
   25   1        if(target_angle>=-100&&target_angle<=100)
   26   1        {
   27   2        if(target_angle>=0)
   28   2        {
   29   3          duty = MIDDLE_ANGLE +0.006*target_angle*target_angle;
   30   3      //  duty = MIDDLE_ANGLE + target_angle*0.4;
   31   3        }
   32   2        
   33   2        if(target_angle<0)
   34   2        {
   35   3          duty = MIDDLE_ANGLE +(-0.007)*target_angle*target_angle;
   36   3      //  duty = MIDDLE_ANGLE + target_angle*0.3;
   37   3        }
   38   2        }
   39   1        pwm_duty(STEER_PIN,duty);
   40   1      }
   41          
   42          
   43          
*** WARNING C184 IN LINE 39 OF ..\CODE\steer.c: value of 'duty' possibly undefined


Module Information          Static   Overlayable
------------------------------------------------
  code size            =       173     ------
  ecode size           =    ------     ------
  data size            =    ------     ------
  idata size           =    ------     ------
  pdata size           =    ------     ------
  xdata size           =    ------     ------
  xdata-const size     =    ------     ------
  edata size           =    ------     ------
  bit size             =    ------     ------
  ebit size            =    ------     ------
C251 COMPILER V5.60.0,  steer                                                              01/05/23  19:19:55  PAGE 2   

  bitaddressable size  =    ------     ------
  ebitaddressable size =    ------     ------
  far data size        =    ------     ------
  huge data size       =    ------     ------
  const size           =    ------     ------
  hconst size          =    ------     ------
End of Module Information.


C251 COMPILATION COMPLETE.  1 WARNING(S),  0 ERROR(S)
