C251 COMPILER V5.60.0,  steer                                                              02/05/23  09:20:21  PAGE 1   


C251 COMPILER V5.60.0, COMPILATION OF MODULE steer
OBJECT MODULE PLACED IN .\Out_File\steer.obj
COMPILER INVOKED BY: D:\Keil_v5\C251\BIN\C251.EXE ..\CODE\steer.c XSMALL INTR2 WARNINGLEVEL(3) BROWSE INCDIR(..\..\Libra
                    -ries\libraries;..\..\Libraries\seekfree_libraries;..\..\Libraries\seekfree_peripheral;..\CODE;..\USER\inc;..\USER\src) D
                    -EBUG PRINT(.\Out_File\steer.lst) TABS(2) OBJECT(.\Out_File\steer.obj) 

stmt  level    source

    1          #include "steer.h"
    2          
    3          float angle_limit;
    4          /**************************************************************************
    5          函数功能：舵机pwm初始化
    6          频    率：50Hz
    7          初始中值：MIDDLE_ANGLE
    8          **************************************************************************/
    9          void Steer_Init(void)
   10          {
   11   1        pwm_init(STEER_PIN, 50, MIDDLE_ANGLE);
   12   1      }
   13          
   14          /**************************************************************************
   15          函数功能：舵机旋转
   16          输入参数：舵机相对中值旋转的角度（负数为左转,正数为右转）
   17          单    位：°
   18          **************************************************************************/
   19          void Steer_Spin(float target_angle)
   20          {
   21   1        uint32 duty;
   22   1        
   23   1        /****限幅****/
   24   1        if(target_angle > 100) target_angle =  100;
   25   1        if(target_angle <-100) target_angle = -100;
   26   1        if(target_angle>=-100&&target_angle<=100)
   27   1        {
   28   2        if(target_angle>=0)
   29   2        {
   30   3          duty = MIDDLE_ANGLE +0.006*target_angle*target_angle;
   31   3      //  duty = MIDDLE_ANGLE + target_angle*0.4;
   32   3        }
   33   2        
   34   2        if(target_angle<0)
   35   2        {
   36   3          duty = MIDDLE_ANGLE +(-0.007)*target_angle*target_angle;
   37   3      //  duty = MIDDLE_ANGLE + target_angle*0.3;
   38   3        }
   39   2        }
   40   1        pwm_duty(STEER_PIN,duty);
   41   1      }
   42          
   43          /**************************************************************************
   44          函数功能：舵机限幅
   45          输入参数：舵机相对中值旋转的角度（负数为左转,正数为右转）
   46          单    位：°
   47          **************************************************************************/
   48          void Steer_Spin_limit(float target_angle,float angle_limit)
   49          {
   50   1        if(target_angle > angle_limit)
   51   1          target_angle = angle_limit;
   52   1        if(target_angle < -angle_limit)
   53   1          target_angle = -angle_limit;
   54   1        
   55   1        Steer_Spin(target_angle);
   56   1        
   57   1      }
C251 COMPILER V5.60.0,  steer                                                              02/05/23  09:20:21  PAGE 2   

   58          
   59          
*** WARNING C184 IN LINE 40 OF ..\CODE\steer.c: value of 'duty' possibly undefined


Module Information          Static   Overlayable
------------------------------------------------
  code size            =       205     ------
  ecode size           =    ------     ------
  data size            =    ------     ------
  idata size           =    ------     ------
  pdata size           =    ------     ------
  xdata size           =    ------     ------
  xdata-const size     =    ------     ------
  edata size           =         4     ------
  bit size             =    ------     ------
  ebit size            =    ------     ------
  bitaddressable size  =    ------     ------
  ebitaddressable size =    ------     ------
  far data size        =    ------     ------
  huge data size       =    ------     ------
  const size           =    ------     ------
  hconst size          =    ------     ------
End of Module Information.


C251 COMPILATION COMPLETE.  1 WARNING(S),  0 ERROR(S)
